\BOOKMARK [0][]{CAPA.0}{\376\377\000C\000O\000V\000E\000R}{}% 1
\BOOKMARK [0][]{VERSO.0}{\376\377\000V\000E\000R\000S\000U\000S}{}% 2
\BOOKMARK [0][]{FOLHA DE ROSTO.0}{\376\377\000T\000I\000T\000L\000E\000\040\000P\000A\000G\000E}{}% 3
\BOOKMARK [0][]{nomefichac.0}{\376\377\000I\000N\000D\000E\000X\000\040\000C\000A\000R\000D}{}% 4
\BOOKMARK [0][]{aprovacao.0}{\376\377\000A\000P\000P\000R\000O\000V\000A\000L\000\040\000T\000E\000R\000M}{}% 5
\BOOKMARK [0][]{nomethank.0}{\376\377\000A\000C\000K\000N\000O\000W\000L\000E\000D\000G\000E\000M\000E\000N\000T\000S}{}% 6
\BOOKMARK [0][]{nomeresumo.0}{\376\377\000A\000B\000S\000T\000R\000A\000C\000T}{}% 7
\BOOKMARK [0][]{nomeabstract.0}{\376\377\000R\000E\000S\000U\000M\000O}{}% 8
\BOOKMARK [0][]{listfigurename.0}{\376\377\000L\000I\000S\000T\000\040\000O\000F\000\040\000F\000I\000G\000U\000R\000E\000S}{}% 9
\BOOKMARK [0][]{listtablename.0}{\376\377\000L\000I\000S\000T\000\040\000O\000F\000\040\000T\000A\000B\000L\000E\000S}{}% 10
\BOOKMARK [0][]{nomeabreviaturasesiglas.0}{\376\377\000L\000I\000S\000T\000\040\000O\000F\000\040\000A\000B\000B\000R\000E\000V\000I\000A\000T\000I\000O\000N\000S}{}% 11
\BOOKMARK [0][]{listsimbname.0}{\376\377\000L\000I\000S\000T\000\040\000O\000F\000\040\000S\000Y\000M\000B\000O\000L\000S}{}% 12
\BOOKMARK [0][]{contentsname.0}{\376\377\000C\000O\000N\000T\000E\000N\000T\000S}{}% 13
\BOOKMARK [0][]{chapter.1}{\376\377\0001\000\040\000P\000A\000R\000T\000\040\000T\000W\000O\000:\000\040\000H\000U\000R\000R\000I\000C\000A\000N\000E\000\040\000H\000E\000L\000E\000N\000E\000\040\040\023\000\040\000T\000E\000S\000T\000I\000N\000G\000\040\000T\000H\000E\000\040\000I\000M\000P\000R\000O\000V\000E\000D\000\040\000P\000A\000R\000A\000M\000E\000T\000R\000I\000Z\000A\000T\000I\000O\000N}{}% 14
\BOOKMARK [1][]{section.1.1}{\376\377\0001\000.\0001\000\040\000E\000v\000e\000n\000t\000\040\000d\000e\000s\000c\000r\000i\000p\000t\000i\000o\000n\000\040\000-\000\040\000H\000u\000r\000r\000i\000c\000a\000n\000e\000\040\000H\000e\000l\000e\000n\000e}{chapter.1}% 15
\BOOKMARK [1][]{section.1.2}{\376\377\0001\000.\0002\000\040\000R\000e\000s\000u\000l\000t\000s\000\040\000a\000n\000d\000\040\000a\000n\000a\000l\000y\000s\000i\000s\000\040\000o\000f\000\040\000H\000u\000r\000r\000i\000c\000a\000n\000e\000\040\000H\000e\000l\000e\000n\000e}{chapter.1}% 16
\BOOKMARK [2][]{subsection.1.2.1}{\376\377\0001\000.\0002\000.\0001\000\040\000T\000r\000a\000j\000e\000c\000t\000o\000r\000y}{section.1.2}% 17
\BOOKMARK [2][]{subsection.1.2.2}{\376\377\0001\000.\0002\000.\0002\000\040\000I\000n\000t\000e\000n\000s\000i\000t\000y}{section.1.2}% 18
\BOOKMARK [2][]{subsection.1.2.3}{\376\377\0001\000.\0002\000.\0003\000\040\000R\000a\000i\000n\000f\000a\000l\000l}{section.1.2}% 19
\BOOKMARK [3][]{subsubsection.1.2.3.1}{\376\377\0001\000.\0002\000.\0003\000.\0001\000\040\000P\000a\000t\000t\000e\000r\000n\000\040\000a\000n\000d\000\040\000s\000p\000a\000t\000i\000a\000l\000\040\000r\000a\000i\000n\000f\000a\000l\000l\000\040\000d\000i\000s\000t\000r\000i\000b\000u\000t\000i\000o\000n}{subsection.1.2.3}% 20
\BOOKMARK [3][]{subsubsection.1.2.3.2}{\376\377\0001\000.\0002\000.\0003\000.\0002\000\040\000R\000a\000i\000n\000f\000a\000l\000l\000\040\000m\000e\000a\000n\000\040\000a\000n\000d\000\040\000o\000v\000e\000r\000a\000l\000l\000\040\000d\000i\000s\000t\000r\000i\000b\000u\000t\000i\000o\000n}{subsection.1.2.3}% 21
\BOOKMARK [3][]{subsubsection.1.2.3.3}{\376\377\0001\000.\0002\000.\0003\000.\0003\000\040\000M\000O\000N\000A\000N\000\040\000p\000e\000r\000f\000o\000r\000m\000a\000n\000c\000e\000\040\000a\000t\000\040\000f\000o\000r\000e\000c\000a\000s\000t\000i\000n\000g\000\040\000r\000a\000i\000n\000f\000a\000l\000l}{subsection.1.2.3}% 22
\BOOKMARK [1][]{section.1.3}{\376\377\0001\000.\0003\000\040\000D\000i\000s\000c\000u\000s\000s\000i\000o\000n\000\040\000o\000f\000\040\000k\000e\000y\000\040\000o\000u\000t\000c\000o\000m\000e\000s}{chapter.1}% 23
\BOOKMARK [0][]{chapter.2}{\376\377\000A\000\040\000A\000P\000P\000E\000N\000D\000I\000X\000\040\000-\000\040\000T\000H\000E\000\040\000M\000A\000S\000S\000\040\000F\000L\000U\000X\000\040\000D\000E\000D\000U\000C\000T\000I\000O\000N}{}% 24
\BOOKMARK [0][]{chapter.3}{\376\377\000A\000\040\000A\000P\000P\000E\000N\000D\000I\000X\000\040\000B\000\040\000-\000\040\000T\000H\000E\000\040\000T\000R\000A\000C\000K\000I\000N\000G\000\040\000A\000L\000G\000O\000R\000I\000T\000H\000M}{}% 25
\BOOKMARK [0][]{chapter.4}{\376\377\000R\000E\000F\000E\000R\000E\000N\000C\000E\000S}{}% 26
